
> @latte-js/bean@0.1.0 build D:\sourceCode\Cditor\packages\bean
> tsup src/index.ts --format cjs,esm --dts

[34mCLI[39m Building entry: src/index.ts
[34mCLI[39m Using tsconfig: tsconfig.json
[34mCLI[39m tsup v8.5.1
[34mCLI[39m Target: esnext
[34mCJS[39m Build start
[34mESM[39m Build start

[43m[30m WARN [39m[49m [33m▲ [43;33m[[43;30mWARNING[43;33m][0m [1mThe condition "types" here will never be used as it comes after both "import" and "require"[0m [package.json]

    package.json:23:6:
[37m      23 │       [32m"types"[37m: "./dist/index.d.ts"
         ╵       [32m~~~~~~~[0m

  The "import" condition comes earlier and will be used for all "import" statements:

    package.json:21:6:
[37m      21 │       [32m"import"[37m: "./dist/index.mjs",
         ╵       [32m~~~~~~~~[0m

  The "require" condition comes earlier and will be used for all "require" calls:

    package.json:22:6:
[37m      22 │       [32m"require"[37m: "./dist/index.js",
         ╵       [32m~~~~~~~~~[0m




[43m[30m WARN [39m[49m [33m▲ [43;33m[[43;30mWARNING[43;33m][0m [1mThe condition "types" here will never be used as it comes after both "import" and "require"[0m [package.json]

    package.json:23:6:
[37m      23 │       [32m"types"[37m: "./dist/index.d.ts"
[32mESM[39m [1mdist\index.mjs [22m[32m1.66 KB[39m
         ╵       [32m~~~~~~~[0m
[32mESM[39m ⚡️ Build success in 181ms
[32mCJS[39m [1mdist\index.js [22m[32m2.97 KB[39m

  The "import" condition comes earlier and will be used for all "import" statements:

[32mCJS[39m ⚡️ Build success in 181ms
    package.json:21:6:
[37m      21 │       [32m"import"[37m: "./dist/index.mjs",
         ╵       [32m~~~~~~~~[0m

  The "require" condition comes earlier and will be used for all "require" calls:

    package.json:22:6:
[37m      22 │       [32m"require"[37m: "./dist/index.js",
         ╵       [32m~~~~~~~~~[0m



[34mDTS[39m Build start
src/util/assert.ts(16,32): error TS2339: Property 'RECT' does not exist on type 'typeof NodeType'.

[31mError: error occurred in dts build
    at Worker.<anonymous> (D:\sourceCode\Cditor\node_modules\.pnpm\tsup@8.5.1_postcss@8.5.6_typescript@5.9.3_yaml@2.3.1\node_modules\tsup\dist\index.js:1545:26)
    at Worker.emit (node:events:519:28)
    at MessagePort.<anonymous> (node:internal/worker:269:53)
    at [nodejs.internal.kHybridDispatch] (node:internal/event_target:827:20)
    at MessagePort.<anonymous> (node:internal/per_context/messageport:23:28)[39m
[31mDTS[39m [31mBuild error[39m
 ELIFECYCLE  Command failed with exit code 1.
